C51 COMPILER V9.60.0.0   MAIN                                                              06/17/2024 18:54:34 PAGE 1   


C51 COMPILER V9.60.0.0, COMPILATION OF MODULE MAIN
OBJECT MODULE PLACED IN .\Objects\main.obj
COMPILER INVOKED BY: D:\µ¥Æ¬»ú\C51\BIN\C51.EXE main.c OPTIMIZE(8,SPEED) BROWSE DEBUG OBJECTEXTEND PRINT(.\Listings\main.
                    -lst) TABS(2) OBJECT(.\Objects\main.obj)

line level    source

   1          #include "REG51.h"
   2          
   3          sbit led=P2^0;
   4          
   5          unsigned int i;
   6          
   7          void main(void){
   8   1          
   9   1          TMOD=0x01;                //????1 ,????
  10   1          TH0=(65536 - 50000)/256; //??1000,???
  11   1          TL0=(65536 - 50000)%256;//??1000,???
  12   1          EA=1;    //?????????
  13   1          ET0=1;    //???0????
  14   1          TR0=1;    //???0????
  15   1          
  16   1          while(1){
  17   2              
  18   2          }    
  19   1      }
  20          
  21          void timer () interrupt 1   //???0??
  22          {
  23   1          TH0=(65536 - 50000)/256;  //50ms????
  24   1          TL0=(65536 - 50000)%256;
  25   1          i++;
  26   1          if(i==2)
  27   1          {
  28   2            i=0;
  29   2            led=~led;        //led?????    ,?1000???    
  30   2          }
  31   1      
  32   1      }


MODULE INFORMATION:   STATIC OVERLAYABLE
   CODE SIZE        =     48    ----
   CONSTANT SIZE    =   ----    ----
   XDATA SIZE       =   ----    ----
   PDATA SIZE       =   ----    ----
   DATA SIZE        =      2    ----
   IDATA SIZE       =   ----    ----
   BIT SIZE         =   ----    ----
END OF MODULE INFORMATION.


C51 COMPILATION COMPLETE.  0 WARNING(S),  0 ERROR(S)
