C51 COMPILER V9.60.0.0   MAIN                                                              06/07/2024 09:28:35 PAGE 1   


C51 COMPILER V9.60.0.0, COMPILATION OF MODULE MAIN
OBJECT MODULE PLACED IN .\Objects\main.obj
COMPILER INVOKED BY: D:\µ¥Æ¬»ú\C51\BIN\C51.EXE main.c OPTIMIZE(8,SPEED) BROWSE DEBUG OBJECTEXTEND PRINT(.\Listings\main.
                    -lst) TABS(2) OBJECT(.\Objects\main.obj)

line level    source

   1          #include "REG51.h"
   2          
   3          sbit LED = P1^0;
   4          
   5          void delay(unsigned int t){
   6   1        unsigned char i;
   7   1        for(;t > 0;t--){
   8   2          for(i = 100;i > 0;i--);
   9   2        }
  10   1      }
  11          
  12          void main(void){
  13   1        unsigned char i;
  14   1        
  15   1        P1 = 0x55;
  16   1        
  17   1        //P1 = P1 & 0xFE;
  18   1        //P1 &= 0xFE;
  19   1        LED = 1;
  20   1        while(1){
  21   2          for(i = 0;i < 8;i++){
  22   3            P2 = ~(0x01 << i);
  23   3            delay(300);
  24   3          }
  25   2        } 
  26   1      }


MODULE INFORMATION:   STATIC OVERLAYABLE
   CODE SIZE        =     73    ----
   CONSTANT SIZE    =   ----    ----
   XDATA SIZE       =   ----    ----
   PDATA SIZE       =   ----    ----
   DATA SIZE        =   ----    ----
   IDATA SIZE       =   ----    ----
   BIT SIZE         =   ----    ----
END OF MODULE INFORMATION.


C51 COMPILATION COMPLETE.  0 WARNING(S),  0 ERROR(S)
