C51 COMPILER V9.60.0.0   MAIN                                                              06/14/2024 10:36:10 PAGE 1   


C51 COMPILER V9.60.0.0, COMPILATION OF MODULE MAIN
OBJECT MODULE PLACED IN .\Objects\main.obj
COMPILER INVOKED BY: D:\µ¥Æ¬»ú\C51\BIN\C51.EXE main.c OPTIMIZE(8,SPEED) BROWSE DEBUG OBJECTEXTEND PRINT(.\Listings\main.
                    -lst) TABS(2) OBJECT(.\Objects\main.obj)

line level    source

   1          /* ??:K1-K4 ?????????
   2          ??:??K1??1????????,
   3           ??K2??1????????,
   4           ??K3????
   5          */ 
   6          #include<reg51.h> 
   7          #define uchar unsigned char 
   8          #define uint unsigned int 
   9          //??
  10          uchar code DSY_CODE[]={0xc0,0xf9,0xa4,0xb0,0x99,0x92,0x82,0xf8,0x80,0x90,0xff}; 
  11          //??
  12          uchar code DSY_Index[]={0x80,0x40,0x20,0x10,0x08,0x04,0x02,0x01}; 
  13          //?????????????(????0???0,????)
  14          uchar Display_Buffer[]={0,10,10,10,10,10,10,10}; 
  15          //??
  16          void DelayMS(uint x) 
  17          { 
  18   1      uchar i; 
  19   1      while(x--) for(i=0;i<120;i++); 
  20   1      } 
  21          void Show_Count_ON_DSY() 
  22          { 
  23   1      uchar i; 
  24   1      for(i=0;i<8;i++) 
  25   1      { 
  26   2       P0=0xff; 
  27   2       P0=DSY_CODE[Display_Buffer[i]]; 
  28   2       P2=DSY_Index[i]; 
  29   2       DelayMS(2); 
  30   2      } 
  31   1      } 
  32          //???
  33          void main() 
  34          { 
  35   1      uchar i,Key_NO,Key_Counts=0; 
  36   1      P0=0xff; 
  37   1      P1=0xff; 
  38   1      P2=0x00; 
  39   1      while(1) 
  40   1      { 
  41   2       Show_Count_ON_DSY(); 
  42   2       P1=0xff; 
  43   2       Key_NO=P1; 
  44   2       //P1????????K1-0xfe,K2-0xfd,K3-0xfb 
  45   2       switch(Key_NO) 
  46   2       { 
  47   3       case 0xfe: Key_Counts++; 
  48   3       if(Key_Counts>8) Key_Counts=8; 
  49   3       Display_Buffer[Key_Counts-1]=Key_Counts; 
  50   3       break; 
  51   3       case 0xfd: if(Key_Counts>0)Display_Buffer[--Key_Counts]=10; 
  52   3       break; 
  53   3       case 0xfb: Display_Buffer[0]=0; 
  54   3       for(i=1;i<8;i++) Display_Buffer[i]=10; 
C51 COMPILER V9.60.0.0   MAIN                                                              06/14/2024 10:36:10 PAGE 2   

  55   3       Key_Counts=0; 
  56   3       } 
  57   2       //???????????,??????
  58   2       while(P1!=0xff) Show_Count_ON_DSY(); 
  59   2      } 
  60   1      }


MODULE INFORMATION:   STATIC OVERLAYABLE
   CODE SIZE        =    186    ----
   CONSTANT SIZE    =     19    ----
   XDATA SIZE       =   ----    ----
   PDATA SIZE       =   ----    ----
   DATA SIZE        =      8       1
   IDATA SIZE       =   ----    ----
   BIT SIZE         =   ----    ----
END OF MODULE INFORMATION.


C51 COMPILATION COMPLETE.  0 WARNING(S),  0 ERROR(S)
