C51 COMPILER V9.60.0.0   MAIN                                                              07/27/2022 10:06:28 PAGE 1   


C51 COMPILER V9.60.0.0, COMPILATION OF MODULE MAIN
OBJECT MODULE PLACED IN .\Objects\main.obj
COMPILER INVOKED BY: C:\Keil_v5\C51\BIN\C51.EXE main.c OPTIMIZE(8,SPEED) BROWSE DEBUG OBJECTEXTEND PRINT(.\Listings\main
                    -.lst) OBJECT(.\Objects\main.obj)

line level    source

   1          #include "REG51.h"
   2          
   3          sbit led=P2^0;
   4          unsigned int i;
   5          
   6          void main(void){
   7   1              
   8   1              TMOD=0x01;                              //工作模式1 ，需赋初值
   9   1              TH0=(65536 - 50000)/256; //定时1000，高八位
  10   1              TL0=(65536 - 50000)%256;//定时1000，低八位
  11   1              EA=1;   //打开中断允许总开关
  12   1              ET0=1;                          //定时器0中断允许
  13   1              TR0=1;                          //定时器0启动控制
  14   1              
  15   1              while(1){
  16   2                      
  17   2              }       
  18   1      }
  19          
  20          void timer () interrupt 1   //定时器0中断
  21          {
  22   1          TH0=(65536 - 50000)/256;  //50ms一次脉冲
  23   1              TL0=(65536 - 50000)%256;
  24   1              i++;
  25   1              if(i==2)
  26   1              {
  27   2                i=0;
  28   2                led=~led;             //led一秒亮一次 ，即1000次脉冲  
  29   2              }
  30   1      
  31   1      }


MODULE INFORMATION:   STATIC OVERLAYABLE
   CODE SIZE        =     48    ----
   CONSTANT SIZE    =   ----    ----
   XDATA SIZE       =   ----    ----
   PDATA SIZE       =   ----    ----
   DATA SIZE        =      2    ----
   IDATA SIZE       =   ----    ----
   BIT SIZE         =   ----    ----
END OF MODULE INFORMATION.


C51 COMPILATION COMPLETE.  0 WARNING(S),  0 ERROR(S)
