C51 COMPILER V9.60.0.0   MAIN                                                              06/18/2024 10:08:07 PAGE 1   


C51 COMPILER V9.60.0.0, COMPILATION OF MODULE MAIN
OBJECT MODULE PLACED IN .\Objects\main.obj
COMPILER INVOKED BY: D:\µ¥Æ¬»ú\C51\BIN\C51.EXE ..\main.c OPTIMIZE(8,SPEED) BROWSE DEBUG OBJECTEXTEND PRINT(.\Listings\ma
                    -in.lst) TABS(2) OBJECT(.\Objects\main.obj)

line level    source

   1          /* ??:???????LED 
   2          ??:LED???????????????
   3          ??
   4          */ 
   5          #include<reg51.h> 
   6          #define uchar unsigned char 
   7          #define uint unsigned int 
   8          sbit LED=P2^0; 
   9          uchar T_Count=0; 
  10          //???
  11          void main() 
  12          { 
  13   1      TMOD=0x01; //???0????0 
  14   1      TH0=(65536-5000)/256; //5ms??
  15   1      TL0=(65536-5000)%256; 
  16   1      IE=0x82; //??T0??
  17   1      TR0=1; 
  18   1      while(1); 
  19   1      } 
  20          //T0????
  21          void LED_Flash() interrupt 1 
  22          { 
  23   1      TH0=(65536-5000)/256; //????
  24   1      TL0=(65536-5000)%256; 
  25   1      if(++T_Count==100) //0.5s????LED 
  26   1      { 
  27   2       LED=~LED; 
  28   2       T_Count=0; 
  29   2      } 
  30   1      }


MODULE INFORMATION:   STATIC OVERLAYABLE
   CODE SIZE        =     39    ----
   CONSTANT SIZE    =   ----    ----
   XDATA SIZE       =   ----    ----
   PDATA SIZE       =   ----    ----
   DATA SIZE        =      1    ----
   IDATA SIZE       =   ----    ----
   BIT SIZE         =   ----    ----
END OF MODULE INFORMATION.


C51 COMPILATION COMPLETE.  0 WARNING(S),  0 ERROR(S)
