C51 COMPILER V9.60.0.0   MAIN                                                              06/21/2024 15:25:30 PAGE 1   


C51 COMPILER V9.60.0.0, COMPILATION OF MODULE MAIN
OBJECT MODULE PLACED IN .\Objects\main.obj
COMPILER INVOKED BY: D:\µ¥Æ¬»ú\C51\BIN\C51.EXE main.c OPTIMIZE(8,SPEED) BROWSE DEBUG OBJECTEXTEND PRINT(.\Listings\main.
                    -lst) TABS(2) OBJECT(.\Objects\main.obj)

line level    source

   1          #include "reg52.h"
   2          
   3          typedef unsigned int u16;  // ????????
   4          typedef unsigned char u8;
   5          
   6          // ??74HC595??
   7          sbit SRCLK = P3^6;  // ?????????
   8          sbit LATCH = P3^5;  // ?????????(?????????)
   9          sbit SER = P3^4;    // ??????
  10          
  11          #define LEDDZ_COL_PORT P0  // ?? LED ??????
  12          
  13          // ???????“2”??????
  14          u8 gled_row[8] = {0x00, 0x7C, 0x82, 0x82, 0x82, 0x7C, 0x00, 0x00}; // LED???,????2
  15          u8 gled_col[8] = {0x7f, 0xbf, 0xdf, 0xef, 0xf7, 0xfb, 0xfd, 0xfe}; // LED???
  16          
  17          /*******************************************************************************
  18          * ???    : delay_10us
  19          * ??      : ????,???????10??
  20          * ??      : ten_us:?????
  21          * ??      : ?
  22          *******************************************************************************/
  23          void delay_10us(u16 ten_us)
  24          {
  25   1          while (ten_us--);
  26   1      }
  27          
  28          /*******************************************************************************
  29          * ???    : hc595_write_data
  30          * ??      : ?74HC595??????????????
  31          * ??      : dat:??????
  32          * ??      : ?
  33          *******************************************************************************/
  34          void hc595_write_data(u8 dat)
  35          {
  36   1          u8 i = 0;
  37   1      
  38   1          for (i = 0; i < 8; i++)  // ??8?,??8???
  39   1          {
  40   2              SER = dat >> 7;  // ????
  41   2              dat <<= 1;       // ????
  42   2              SRCLK = 0;
  43   2              delay_10us(1);
  44   2              SRCLK = 1;
  45   2              delay_10us(1);  // ???????????
  46   2          }
  47   1          LATCH = 0;
  48   1          delay_10us(1);
  49   1          LATCH = 1;  // ??????????????
  50   1      }
  51          
  52          /*******************************************************************************
  53          * ???    : main
  54          * ??      : ???
C51 COMPILER V9.60.0.0   MAIN                                                              06/21/2024 15:25:30 PAGE 2   

  55          * ??      : ?
  56          * ??      : ?
  57          *******************************************************************************/
  58          void main()
  59          {
  60   1          u8 i = 0;
  61   1      
  62   1          while (1)
  63   1          {
  64   2              for (i = 0; i < 8; i++)  // ??8?,??8?
  65   2              {
  66   3                  LEDDZ_COL_PORT = gled_col[i];  // ???
  67   3                  hc595_write_data(gled_row[i]); // ????????
  68   3                  delay_10us(100);               // ?????,??????
  69   3                  hc595_write_data(0x00);        // ?????
  70   3              }
  71   2          }
  72   1      }


MODULE INFORMATION:   STATIC OVERLAYABLE
   CODE SIZE        =    108    ----
   CONSTANT SIZE    =   ----    ----
   XDATA SIZE       =   ----    ----
   PDATA SIZE       =   ----    ----
   DATA SIZE        =     16    ----
   IDATA SIZE       =   ----    ----
   BIT SIZE         =   ----    ----
END OF MODULE INFORMATION.


C51 COMPILATION COMPLETE.  0 WARNING(S),  0 ERROR(S)
